[naus.sa.utoronto.ca/index.html]
[backblue.gif]
[fade.gif]
[index.html]
[naus.sa.utoronto.ca/wp-content/themes/magicblue/style.css]
[naus.sa.utoronto.ca/xmlrpc.php]
[naus.sa.utoronto.ca/wp-content/themes/magicblue/images/bodybg.gif]
[naus.sa.utoronto.ca/wp-content/themes/magicblue/images/superheaderbg.gif]
[naus.sa.utoronto.ca/feed/index.html]
[naus.sa.utoronto.ca/wp-content/themes/magicblue/images/headerbg.jpg]
[naus.sa.utoronto.ca/wp-content/themes/magicblue/images/wrapperbg.gif]
[naus.sa.utoronto.ca/wp-content/themes/magicblue/images/dots.gif]
[naus.sa.utoronto.ca/wp-content/themes/magicblue/images/listbullet.gif]
[naus.sa.utoronto.ca/wp-content/themes/magicblue/scripts/utils.js]
[naus.sa.utoronto.ca/wp-content/plugins/nextgen-gallery/products/photocrati_nextgen/modules/nextgen_gallery_display/static/nextgen_gallery_related_imagesa560.css]
[naus.sa.utoronto.ca/wp-content/plugins/nextgen-gallery/products/photocrati_nextgen/modules/ajax/static/ajaxa560.js]
[naus.sa.utoronto.ca/wp-includes/js/jquery/jquery-migrate.min1576.js]
[naus.sa.utoronto.ca/wp-content/plugins/nextgen-gallery/products/photocrati_nextgen/modules/ajax/static/ngg_storea560.js]
[naus.sa.utoronto.ca/wp-content/plugins/nextgen-gallery/products/photocrati_nextgen/modules/ajax/static/storea560.js]
[naus.sa.utoronto.ca/wp-content/plugins/nextgen-gallery/products/photocrati_nextgen/modules/ajax/static/persista560.js]
[naus.sa.utoronto.ca/wp-includes/js/jquery/jquerya4e6.js]
[naus.sa.utoronto.ca/wp-content/plugins/events-calendar/js/jquery.bgiframe53cf.js]
[naus.sa.utoronto.ca/wp-content/plugins/events-calendar/js/jquery.tooltip.min4e44.js]
[naus.sa.utoronto.ca/wp-content/plugins/nextgen-gallery/products/photocrati_nextgen/modules/lightbox/static/lightbox_contexta560.js]
[naus.sa.utoronto.ca/xmlrpc0db0.php]
[naus.sa.utoronto.ca/wp-includes/wlwmanifest.xml]
[naus.sa.utoronto.ca/files/themes/magicblue_style.css]
[naus.sa.utoronto.ca/wp-includes/js/thickbox/thickbox.css]
[naus.sa.utoronto.ca/wp-content/plugins/events-calendar/css/events-calendar.css]
[naus.sa.utoronto.ca/wp-content/themes/mystique/favicon.ico]
[naus.sa.utoronto.ca/wp-content/themes/magicblue/images/category.gif]
[naus.sa.utoronto.ca/wp-content/themes/magicblue/images/clock.gif]
[naus.sa.utoronto.ca/wp-content/themes/magicblue/images/comment.gif]
[naus.sa.utoronto.ca/about/index.html]
[naus.sa.utoronto.ca/past-tests/index.html]
[naus.sa.utoronto.ca/snowball-pictures/index.html]
[naus.sa.utoronto.ca/2013-midnight-mask-formal-pictures/index.html]
[naus.sa.utoronto.ca/executive-members-2013-2014/index.html]
[naus.sa.utoronto.ca/everything-n-pictures/index.html]
[naus.sa.utoronto.ca/httpnausuoft-wordpress-com/index.html]
[naus.sa.utoronto.ca/2013/04/05/official-new-naus-council-2013-2014/index.html]
[naus.sa.utoronto.ca/category/events/uncategorized/index.html]
[naus.sa.utoronto.ca/2013/03/31/1129/index.html]
[naus.sa.utoronto.ca/author/naus/index.html]
[fbstatic-a.akamaihd.net/rsrc.php/v2/yT/r/K6_TY47YS3x.png]
[naus.sa.utoronto.ca/files/2013/03/election-new.jpg]
[naus.sa.utoronto.ca/files/2013/03/election-new-300x159.jpg]
[naus.sa.utoronto.ca/files/2013/03/tedmeday2.jpg]
[naus.sa.utoronto.ca/files/2013/03/tedmeday2-194x300.jpg]
[naus.sa.utoronto.ca/2013/03/31/1121/index.html]
[naus.sa.utoronto.ca/files/2012/03/naus-elections.jpg]
[naus.sa.utoronto.ca/2012/07/27/looking-for-volunteers/index.html]
[naus.sa.utoronto.ca/files/2012/03/naus-elections-300x298.jpg]
[naus.sa.utoronto.ca/wp-includes/images/smilies/icon_smile.gif]
[naus.sa.utoronto.ca/files/2012/03/Student-Ad-2012-JPG.jpg]
[naus.sa.utoronto.ca/2012/04/13/naus-2012-2013-execs/index.html]
[naus.sa.utoronto.ca/files/2012/03/Student-Ad-2012-JPG-300x208.jpg]
[naus.sa.utoronto.ca/2012/04/04/naus-2012-2013-polls-closed/index.html]
[naus.sa.utoronto.ca/wp-content/themes/magicblue/images/feed-icon-16x16.gif]
[naus.sa.utoronto.ca/2012/04/03/sona-university-of-toronto-april-30th-2012/index.html]
[naus.sa.utoronto.ca/2012/03/17/naus-elections/index.html]
[naus.sa.utoronto.ca/index.html]
[naus.sa.utoronto.ca/wp-includes/js/thickbox/thickboxab87.js]
[naus.sa.utoronto.ca/wp-content/themes/magicblue/style.css]
[naus.sa.utoronto.ca/comments/feed/index.html]
[naus.sa.utoronto.ca/wp-content/plugins/nextgen-gallery/products/photocrati_nextgen/modules/nextgen_gallery_display/static/nextgen_gallery_related_imagesa560.css]
[naus.sa.utoronto.ca/files/themes/magicblue_style.css]
[naus.sa.utoronto.ca/wp-includes/js/thickbox/thickbox.css]
[naus.sa.utoronto.ca/2012/03/10/calendar-updated/index.html]
[naus.sa.utoronto.ca/wp-content/plugins/events-calendar/css/ec-tooltips.css]
[naus.sa.utoronto.ca/2012/03/09/grad-school-opportunity/index.html]
[naus.sa.utoronto.ca/wp-content/plugins/events-calendar/images/list.gif]
[naus.sa.utoronto.ca/page/2/index.html]
[naus.sa.utoronto.ca/wp-content/plugins/events-calendar/images/shadow3.png]
[naus.sa.utoronto.ca/wp-content/plugins/events-calendar/images/shadow2.png]
[naus.sa.utoronto.ca/wp-content/plugins/events-calendar/css/events-calendar.css]
[naus.sa.utoronto.ca/files/2011/01/constitution_1011.pdf]
[naus.sa.utoronto.ca/about/index.html]
[naus.sa.utoronto.ca/files/2010/11/hmb200-midterm-20091.pdf]
[naus.sa.utoronto.ca/about/feed/index.html]
[naus.sa.utoronto.ca/index905b.html]
[naus.sa.utoronto.ca/files/2010/11/nrs201-midtermreview.pdf]
[naus.sa.utoronto.ca/past-tests/feed/index.html]
[naus.sa.utoronto.ca/files/2010/11/nrs201-2004.pdf]
[naus.sa.utoronto.ca/index42dc.html]
[naus.sa.utoronto.ca/files/2010/11/nrs201-2003.pdf]
[naus.sa.utoronto.ca/files/2010/11/nrs201-2002.pdf]
[naus.sa.utoronto.ca/files/2010/11/nrs201-2001.pdf]
[naus.sa.utoronto.ca/files/2010/11/hmb200-2008.doc]
[naus.sa.utoronto.ca/files/2010/11/nrs202-2004.pdf]
[naus.sa.utoronto.ca/past-tests/index.html]
[naus.sa.utoronto.ca/files/2012/02/DSC5764-copy.jpg]
[naus.sa.utoronto.ca/snowball-pictures/feed/index.html]
[naus.sa.utoronto.ca/indexe7fb.html]
[naus.sa.utoronto.ca/files/2012/02/DSC5764-copy-150x150.jpg]
[naus.sa.utoronto.ca/files/2012/02/DSC5762.jpg]
[naus.sa.utoronto.ca/files/2012/02/DSC5762-150x150.jpg]
[naus.sa.utoronto.ca/files/2012/02/DSC5760.jpg]
[naus.sa.utoronto.ca/files/2012/02/DSC5760-150x150.jpg]
[naus.sa.utoronto.ca/files/2012/02/DSC5754.jpg]
[naus.sa.utoronto.ca/files/2012/02/DSC5754-150x150.jpg]
[naus.sa.utoronto.ca/files/2012/02/DSC5753.jpg]
[naus.sa.utoronto.ca/files/2012/02/DSC5753-150x150.jpg]
[naus.sa.utoronto.ca/files/2012/02/DSC5751.jpg]
[naus.sa.utoronto.ca/files/2012/02/DSC5751-150x150.jpg]
[naus.sa.utoronto.ca/files/2012/02/DSC5744.jpg]
[naus.sa.utoronto.ca/files/2012/02/DSC5744-150x150.jpg]
[naus.sa.utoronto.ca/files/2012/02/DSC5742.jpg]
[naus.sa.utoronto.ca/files/2012/02/DSC5742-150x150.jpg]
[naus.sa.utoronto.ca/files/2012/02/DSC5741.jpg]
[naus.sa.utoronto.ca/files/2012/02/DSC5741-150x150.jpg]
[naus.sa.utoronto.ca/files/2012/02/DSC5725.jpg]
[naus.sa.utoronto.ca/files/2012/02/DSC5725-150x150.jpg]
[naus.sa.utoronto.ca/files/2012/02/DSC5721-copy.jpg]
[naus.sa.utoronto.ca/files/2012/02/DSC5721-copy-150x150.jpg]
[naus.sa.utoronto.ca/files/2012/02/DSC5718.jpg]
[naus.sa.utoronto.ca/files/2012/02/DSC5718-150x150.jpg]
[naus.sa.utoronto.ca/files/2012/02/DSC5717.jpg]
[naus.sa.utoronto.ca/files/2012/02/DSC5717-150x150.jpg]
[naus.sa.utoronto.ca/files/2012/02/DSC5716.jpg]
[naus.sa.utoronto.ca/files/2012/02/DSC5716-150x150.jpg]
[naus.sa.utoronto.ca/files/2012/02/DSC5712-copy.jpg]
[naus.sa.utoronto.ca/files/2012/02/DSC5712-copy-150x150.jpg]
[naus.sa.utoronto.ca/files/2012/02/DSC5710.jpg]
[naus.sa.utoronto.ca/files/2012/02/DSC5710-150x150.jpg]
[naus.sa.utoronto.ca/files/2012/02/DSC5709.jpg]
[naus.sa.utoronto.ca/files/2012/02/DSC5709-150x150.jpg]
[naus.sa.utoronto.ca/files/2012/02/DSC5706.jpg]
[naus.sa.utoronto.ca/files/2012/02/DSC5706-150x150.jpg]
[naus.sa.utoronto.ca/files/2012/02/DSC5705.jpg]
[naus.sa.utoronto.ca/files/2012/02/DSC5705-150x150.jpg]
[naus.sa.utoronto.ca/files/2012/02/DSC5695-copy.jpg]
[naus.sa.utoronto.ca/files/2012/02/DSC5695-copy-150x150.jpg]
[naus.sa.utoronto.ca/files/2012/02/DSC5818-21.jpg]
[naus.sa.utoronto.ca/files/2012/02/DSC5818-21-150x150.jpg]
[naus.sa.utoronto.ca/files/2012/02/DSC5817.jpg]
[naus.sa.utoronto.ca/files/2012/02/DSC5817-150x150.jpg]
[naus.sa.utoronto.ca/files/2012/02/DSC5815.jpg]
[naus.sa.utoronto.ca/files/2012/02/DSC5815-150x150.jpg]
[naus.sa.utoronto.ca/files/2012/02/DSC5814-19.jpg]
[naus.sa.utoronto.ca/files/2012/02/DSC5814-19-150x150.jpg]
[naus.sa.utoronto.ca/files/2012/02/DSC5811.jpg]
[naus.sa.utoronto.ca/files/2012/02/DSC5811-150x150.jpg]
[naus.sa.utoronto.ca/files/2012/02/DSC5810-18.jpg]
[naus.sa.utoronto.ca/files/2012/02/DSC5810-18-150x150.jpg]
[naus.sa.utoronto.ca/files/2012/02/DSC5809-17.jpg]
[naus.sa.utoronto.ca/files/2012/02/DSC5809-17-150x150.jpg]
[naus.sa.utoronto.ca/files/2012/02/DSC5807-16.jpg]
[naus.sa.utoronto.ca/files/2012/02/DSC5807-16-150x150.jpg]
[naus.sa.utoronto.ca/files/2012/02/DSC5805-15.jpg]
[naus.sa.utoronto.ca/files/2012/02/DSC5805-15-150x150.jpg]
[naus.sa.utoronto.ca/files/2012/02/DSC5803.jpg]
[naus.sa.utoronto.ca/files/2012/02/DSC5803-150x150.jpg]
[naus.sa.utoronto.ca/files/2012/02/DSC5799.jpg]
[naus.sa.utoronto.ca/files/2012/02/DSC5799-150x150.jpg]
[naus.sa.utoronto.ca/files/2012/02/DSC5798-copy1.jpg]
[naus.sa.utoronto.ca/files/2012/02/DSC5798-copy1-150x150.jpg]
[naus.sa.utoronto.ca/files/2012/02/DSC5735.jpg]
[naus.sa.utoronto.ca/files/2012/02/DSC5735-150x150.jpg]
[naus.sa.utoronto.ca/files/2012/02/DSC5734.jpg]
[naus.sa.utoronto.ca/files/2012/02/DSC5734-150x150.jpg]
[naus.sa.utoronto.ca/files/2012/02/DSC5730-16.jpg]
[naus.sa.utoronto.ca/files/2012/02/DSC5730-16-150x150.jpg]
[naus.sa.utoronto.ca/files/2012/02/DSC5682-13.jpg]
[naus.sa.utoronto.ca/files/2012/02/DSC5682-13-150x150.jpg]
[naus.sa.utoronto.ca/files/2012/02/DSC5679-15.jpg]
[naus.sa.utoronto.ca/files/2012/02/DSC5679-15-150x150.jpg]
[naus.sa.utoronto.ca/files/2012/02/DSC5663.jpg]
[naus.sa.utoronto.ca/files/2012/02/DSC5663-150x150.jpg]
[naus.sa.utoronto.ca/files/2012/02/DSC5661.jpg]
[naus.sa.utoronto.ca/files/2012/02/DSC5661-150x150.jpg]
[naus.sa.utoronto.ca/files/2012/02/DSC5657-14-copy.jpg]
[naus.sa.utoronto.ca/files/2012/02/DSC5657-14-copy-150x150.jpg]
[naus.sa.utoronto.ca/files/2012/02/DSC5651-12.jpg]
[naus.sa.utoronto.ca/files/2012/02/DSC5651-12-150x150.jpg]
[naus.sa.utoronto.ca/files/2012/02/DSC5650-11.jpg]
[naus.sa.utoronto.ca/files/2012/02/DSC5650-11-150x150.jpg]
[naus.sa.utoronto.ca/files/2012/02/DSC5649.jpg]
[naus.sa.utoronto.ca/files/2012/02/DSC5649-150x150.jpg]
[naus.sa.utoronto.ca/files/2012/02/DSC5648-10.jpg]
[naus.sa.utoronto.ca/files/2012/02/DSC5648-10-150x150.jpg]
[naus.sa.utoronto.ca/files/2012/02/DSC5645.jpg]
[naus.sa.utoronto.ca/files/2012/02/DSC5645-150x150.jpg]
[naus.sa.utoronto.ca/files/2012/02/DSC5641.jpg]
[naus.sa.utoronto.ca/files/2012/02/DSC5641-150x150.jpg]
[naus.sa.utoronto.ca/files/2012/02/DSC5639-13.jpg]
[naus.sa.utoronto.ca/files/2012/02/DSC5639-13-150x150.jpg]
[naus.sa.utoronto.ca/files/2012/02/DSC5636.jpg]
[naus.sa.utoronto.ca/files/2012/02/DSC5636-150x150.jpg]
[naus.sa.utoronto.ca/files/2012/02/DSC5634-9.jpg]
[naus.sa.utoronto.ca/files/2012/02/DSC5634-9-150x150.jpg]
[naus.sa.utoronto.ca/files/2012/02/DSC5633-8.jpg]
[naus.sa.utoronto.ca/files/2012/02/DSC5633-8-150x150.jpg]
[naus.sa.utoronto.ca/files/2012/02/DSC5630.jpg]
[naus.sa.utoronto.ca/files/2012/02/DSC5630-150x150.jpg]
[naus.sa.utoronto.ca/files/2012/02/DSC5626-7.jpg]
[naus.sa.utoronto.ca/files/2012/02/DSC5626-7-150x150.jpg]
[naus.sa.utoronto.ca/files/2012/02/DSC5616.jpg]
[naus.sa.utoronto.ca/files/2012/02/DSC5616-150x150.jpg]
[naus.sa.utoronto.ca/files/2012/02/DSC5615.jpg]
[naus.sa.utoronto.ca/files/2012/02/DSC5615-150x150.jpg]
[naus.sa.utoronto.ca/files/2012/02/DSC5614-6.jpg]
[naus.sa.utoronto.ca/files/2012/02/DSC5614-6-150x150.jpg]
[naus.sa.utoronto.ca/files/2012/02/DSC5612.jpg]
[naus.sa.utoronto.ca/files/2012/02/DSC5612-150x150.jpg]
[naus.sa.utoronto.ca/files/2012/02/DSC5608.jpg]
[naus.sa.utoronto.ca/files/2012/02/DSC5608-150x150.jpg]
[naus.sa.utoronto.ca/files/2012/02/DSC5588.jpg]
[naus.sa.utoronto.ca/files/2012/02/DSC5588-150x150.jpg]
[naus.sa.utoronto.ca/files/2012/02/DSC5584.jpg]
[naus.sa.utoronto.ca/files/2012/02/DSC5584-150x150.jpg]
[naus.sa.utoronto.ca/files/2012/02/DSC5580.jpg]
[naus.sa.utoronto.ca/files/2012/02/DSC5580-150x150.jpg]
[naus.sa.utoronto.ca/files/2012/02/DSC5576.jpg]
[naus.sa.utoronto.ca/files/2012/02/DSC5576-150x150.jpg]
[naus.sa.utoronto.ca/files/2012/02/DSC5575.jpg]
[naus.sa.utoronto.ca/files/2012/02/DSC5575-150x150.jpg]
[naus.sa.utoronto.ca/files/2012/02/DSC5566-5.jpg]
[naus.sa.utoronto.ca/files/2012/02/DSC5566-5-150x150.jpg]
[naus.sa.utoronto.ca/files/2012/02/DSC5565-12.jpg]
[naus.sa.utoronto.ca/files/2012/02/DSC5565-12-150x150.jpg]
[naus.sa.utoronto.ca/files/2012/02/DSC5563.jpg]
[naus.sa.utoronto.ca/files/2012/02/DSC5563-150x150.jpg]
[naus.sa.utoronto.ca/files/2012/02/DSC5560-11.jpg]
[naus.sa.utoronto.ca/files/2012/02/DSC5560-11-150x150.jpg]
[naus.sa.utoronto.ca/files/2012/02/DSC5558-4.jpg]
[naus.sa.utoronto.ca/files/2012/02/DSC5558-4-150x150.jpg]
[naus.sa.utoronto.ca/files/2012/02/DSC5556-10.jpg]
[naus.sa.utoronto.ca/files/2012/02/DSC5556-10-150x150.jpg]
[naus.sa.utoronto.ca/files/2012/02/DSC5554-3.jpg]
[naus.sa.utoronto.ca/files/2012/02/DSC5554-3-150x150.jpg]
[naus.sa.utoronto.ca/files/2012/02/DSC5552-9.jpg]
[naus.sa.utoronto.ca/files/2012/02/DSC5552-9-150x150.jpg]
[naus.sa.utoronto.ca/files/2012/02/DSC5547.jpg]
[naus.sa.utoronto.ca/files/2012/02/DSC5547-150x150.jpg]
[naus.sa.utoronto.ca/files/2012/02/DSC5545.jpg]
[naus.sa.utoronto.ca/files/2012/02/DSC5545-150x150.jpg]
[naus.sa.utoronto.ca/files/2012/02/DSC5543-8.jpg]
[naus.sa.utoronto.ca/files/2012/02/DSC5543-8-150x150.jpg]
[naus.sa.utoronto.ca/files/2012/02/DSC5542-2.jpg]
[naus.sa.utoronto.ca/files/2012/02/DSC5542-2-150x150.jpg]
[naus.sa.utoronto.ca/files/2012/02/DSC5539-2.jpg]
[naus.sa.utoronto.ca/files/2012/02/DSC5539-2-150x150.jpg]
[naus.sa.utoronto.ca/files/2012/02/DSC5538-1.jpg]
[naus.sa.utoronto.ca/files/2012/02/DSC5538-1-150x150.jpg]
[naus.sa.utoronto.ca/files/2012/02/DSC5535.jpg]
[naus.sa.utoronto.ca/files/2012/02/DSC5535-150x150.jpg]
[naus.sa.utoronto.ca/files/2012/02/DSC5532-5.jpg]
[naus.sa.utoronto.ca/files/2012/02/DSC5532-5-150x150.jpg]
[naus.sa.utoronto.ca/files/2012/02/DSC5530-4.jpg]
[naus.sa.utoronto.ca/files/2012/02/DSC5530-4-150x150.jpg]
[naus.sa.utoronto.ca/files/2012/02/DSC5526-1.jpg]
[naus.sa.utoronto.ca/files/2012/02/DSC5526-1-150x150.jpg]
[naus.sa.utoronto.ca/files/2012/02/DSC5525-2.jpg]
[naus.sa.utoronto.ca/files/2012/02/DSC5525-2-150x150.jpg]
[naus.sa.utoronto.ca/files/2012/02/DSC5521-1.jpg]
[naus.sa.utoronto.ca/files/2012/02/DSC5521-1-150x150.jpg]
[naus.sa.utoronto.ca/files/2012/02/DSC5517.jpg]
[naus.sa.utoronto.ca/files/2012/02/DSC5517-150x150.jpg]
[naus.sa.utoronto.ca/wp-content/plugins/akismet/_inc/form6e0e.js]
[naus.sa.utoronto.ca/snowball-pictures/index.html]
[naus.sa.utoronto.ca/snowball-pictures/trackback/index.html]
[naus.sa.utoronto.ca/files/2012/11/P1060846.jpg]
[naus.sa.utoronto.ca/everything-n-pictures/feed/index.html]
[naus.sa.utoronto.ca/files/2012/11/P1060846-150x150.jpg]
[naus.sa.utoronto.ca/index6a26.html]
[naus.sa.utoronto.ca/files/2012/11/P1060848.jpg]
[naus.sa.utoronto.ca/files/2012/11/P1060848-150x150.jpg]
[naus.sa.utoronto.ca/files/2012/11/P1060849.jpg]
[naus.sa.utoronto.ca/files/2012/11/P1060849-150x150.jpg]
[naus.sa.utoronto.ca/files/2012/11/P1060850.jpg]
[naus.sa.utoronto.ca/files/2012/11/P1060850-150x150.jpg]
[naus.sa.utoronto.ca/files/2012/11/P1060854.jpg]
[naus.sa.utoronto.ca/files/2012/11/P1060854-150x150.jpg]
[naus.sa.utoronto.ca/files/2012/11/P1060859.jpg]
[naus.sa.utoronto.ca/files/2012/11/P1060859-150x150.jpg]
[naus.sa.utoronto.ca/files/2012/11/P1060860.jpg]
[naus.sa.utoronto.ca/files/2012/11/P1060860-150x150.jpg]
[naus.sa.utoronto.ca/files/2012/11/P1060866.jpg]
[naus.sa.utoronto.ca/files/2012/11/P1060866-150x150.jpg]
[naus.sa.utoronto.ca/files/2012/11/P1060868.jpg]
[naus.sa.utoronto.ca/files/2012/11/P1060868-150x150.jpg]
[naus.sa.utoronto.ca/files/2012/11/P1060873.jpg]
[naus.sa.utoronto.ca/files/2012/11/P1060873-150x150.jpg]
[naus.sa.utoronto.ca/files/2012/11/P1060878.jpg]
[naus.sa.utoronto.ca/files/2012/11/P1060878-150x150.jpg]
[naus.sa.utoronto.ca/files/2012/11/P1060881.jpg]
[naus.sa.utoronto.ca/files/2012/11/P1060881-150x150.jpg]
[naus.sa.utoronto.ca/files/2012/11/P1060888.jpg]
[naus.sa.utoronto.ca/files/2012/11/P1060888-150x150.jpg]
[naus.sa.utoronto.ca/files/2012/11/P1060891.jpg]
[naus.sa.utoronto.ca/files/2012/11/P1060891-150x150.jpg]
[naus.sa.utoronto.ca/files/2012/11/P1060893.jpg]
[naus.sa.utoronto.ca/files/2012/11/P1060893-150x150.jpg]
[naus.sa.utoronto.ca/files/2012/11/P1060899.jpg]
[naus.sa.utoronto.ca/files/2012/11/P1060899-150x150.jpg]
[naus.sa.utoronto.ca/files/2012/11/P1060902.jpg]
[naus.sa.utoronto.ca/files/2012/11/P1060902-150x150.jpg]
[naus.sa.utoronto.ca/files/2012/11/P1060908.jpg]
[naus.sa.utoronto.ca/files/2012/11/P1060908-150x150.jpg]
[naus.sa.utoronto.ca/files/2012/11/P1060909.jpg]
[naus.sa.utoronto.ca/files/2012/11/P1060909-150x150.jpg]
[naus.sa.utoronto.ca/files/2012/11/P1060911.jpg]
[naus.sa.utoronto.ca/files/2012/11/P1060911-150x150.jpg]
[naus.sa.utoronto.ca/files/2012/11/P1060917.jpg]
[naus.sa.utoronto.ca/files/2012/11/P1060917-150x150.jpg]
[naus.sa.utoronto.ca/files/2012/11/P1060918.jpg]
[naus.sa.utoronto.ca/files/2012/11/P1060918-150x150.jpg]
[naus.sa.utoronto.ca/files/2012/11/P1060919.jpg]
[naus.sa.utoronto.ca/files/2012/11/P1060919-150x150.jpg]
[naus.sa.utoronto.ca/files/2012/11/P1060920.jpg]
[naus.sa.utoronto.ca/files/2012/11/P1060920-150x150.jpg]
[naus.sa.utoronto.ca/files/2012/11/P1060921.jpg]
[naus.sa.utoronto.ca/files/2012/11/P1060921-150x150.jpg]
[naus.sa.utoronto.ca/files/2012/11/P1060925.jpg]
[naus.sa.utoronto.ca/files/2012/11/P1060925-150x150.jpg]
[naus.sa.utoronto.ca/files/2012/11/P1060928.jpg]
[naus.sa.utoronto.ca/files/2012/11/P1060928-150x150.jpg]
[naus.sa.utoronto.ca/files/2012/11/P1060929.jpg]
[naus.sa.utoronto.ca/files/2012/11/P1060929-150x150.jpg]
[naus.sa.utoronto.ca/files/2012/11/P1060930.jpg]
[naus.sa.utoronto.ca/files/2012/11/P1060930-150x150.jpg]
[naus.sa.utoronto.ca/files/2012/11/P1060931.jpg]
[naus.sa.utoronto.ca/files/2012/11/P1060931-150x150.jpg]
[naus.sa.utoronto.ca/files/2012/11/P1060932.jpg]
[naus.sa.utoronto.ca/files/2012/11/P1060932-150x150.jpg]
[naus.sa.utoronto.ca/files/2012/11/P1060936.jpg]
[naus.sa.utoronto.ca/files/2012/11/P1060936-150x150.jpg]
[naus.sa.utoronto.ca/files/2012/11/P1060937.jpg]
[naus.sa.utoronto.ca/files/2012/11/P1060937-150x150.jpg]
[naus.sa.utoronto.ca/files/2012/11/P1060940.jpg]
[naus.sa.utoronto.ca/files/2012/11/P1060940-150x150.jpg]
[naus.sa.utoronto.ca/files/2012/11/P1060941.jpg]
[naus.sa.utoronto.ca/files/2012/11/P1060941-150x150.jpg]
[naus.sa.utoronto.ca/files/2012/11/P1060943.jpg]
[naus.sa.utoronto.ca/files/2012/11/P1060943-150x150.jpg]
[naus.sa.utoronto.ca/files/2012/11/P1060945.jpg]
[naus.sa.utoronto.ca/files/2012/11/P1060945-150x150.jpg]
[naus.sa.utoronto.ca/files/2012/11/P1060947.jpg]
[naus.sa.utoronto.ca/files/2012/11/P1060947-150x150.jpg]
[naus.sa.utoronto.ca/files/2012/11/P1060949.jpg]
[naus.sa.utoronto.ca/files/2012/11/P1060949-150x150.jpg]
[naus.sa.utoronto.ca/files/2012/11/P1060950.jpg]
[naus.sa.utoronto.ca/files/2012/11/P1060950-150x150.jpg]
[naus.sa.utoronto.ca/files/2012/11/P1060951.jpg]
[naus.sa.utoronto.ca/files/2012/11/P1060951-150x150.jpg]
[naus.sa.utoronto.ca/files/2012/11/P1060952.jpg]
[naus.sa.utoronto.ca/files/2012/11/P1060952-150x150.jpg]
[naus.sa.utoronto.ca/files/2012/11/P1060953.jpg]
[naus.sa.utoronto.ca/files/2012/11/P1060953-150x150.jpg]
[naus.sa.utoronto.ca/files/2012/11/P1060954.jpg]
[naus.sa.utoronto.ca/files/2012/11/P1060954-150x150.jpg]
[naus.sa.utoronto.ca/files/2012/11/P1060955.jpg]
[naus.sa.utoronto.ca/files/2012/11/P1060955-150x150.jpg]
[naus.sa.utoronto.ca/files/2012/11/P1060956.jpg]
[naus.sa.utoronto.ca/files/2012/11/P1060956-150x150.jpg]
[naus.sa.utoronto.ca/files/2012/11/P1060959.jpg]
[naus.sa.utoronto.ca/files/2012/11/P1060959-150x150.jpg]
[naus.sa.utoronto.ca/files/2012/11/P1060960.jpg]
[naus.sa.utoronto.ca/files/2012/11/P1060960-150x150.jpg]
[naus.sa.utoronto.ca/files/2012/11/P1060961.jpg]
[naus.sa.utoronto.ca/files/2012/11/P1060961-150x150.jpg]
[naus.sa.utoronto.ca/files/2012/11/P1060962.jpg]
[naus.sa.utoronto.ca/files/2012/11/P1060962-150x150.jpg]
[naus.sa.utoronto.ca/files/2012/11/P1060964.jpg]
[naus.sa.utoronto.ca/files/2012/11/P1060964-150x150.jpg]
[naus.sa.utoronto.ca/files/2012/11/P1060965.jpg]
[naus.sa.utoronto.ca/files/2012/11/P1060965-150x150.jpg]
[naus.sa.utoronto.ca/files/2012/11/P1060973.jpg]
[naus.sa.utoronto.ca/files/2012/11/P1060973-150x150.jpg]
[naus.sa.utoronto.ca/files/2012/11/P1060975.jpg]
[naus.sa.utoronto.ca/files/2012/11/P1060975-150x150.jpg]
[naus.sa.utoronto.ca/files/2012/11/P1060976.jpg]
[naus.sa.utoronto.ca/files/2012/11/P1060976-150x150.jpg]
[naus.sa.utoronto.ca/files/2012/11/P1060977.jpg]
[naus.sa.utoronto.ca/files/2012/11/P1060977-150x150.jpg]
[naus.sa.utoronto.ca/files/2012/11/P1060979.jpg]
[naus.sa.utoronto.ca/files/2012/11/P1060979-150x150.jpg]
[naus.sa.utoronto.ca/files/2012/11/P1060983.jpg]
[naus.sa.utoronto.ca/files/2012/11/P1060983-150x150.jpg]
[naus.sa.utoronto.ca/files/2012/11/P1060984.jpg]
[naus.sa.utoronto.ca/files/2012/11/P1060984-150x150.jpg]
[naus.sa.utoronto.ca/files/2012/11/P1060985.jpg]
[naus.sa.utoronto.ca/files/2012/11/P1060985-150x150.jpg]
[naus.sa.utoronto.ca/files/2012/11/P1060986.jpg]
[naus.sa.utoronto.ca/files/2012/11/P1060986-150x150.jpg]
[naus.sa.utoronto.ca/files/2012/11/P1060988.jpg]
[naus.sa.utoronto.ca/files/2012/11/P1060988-150x150.jpg]
[naus.sa.utoronto.ca/files/2012/11/P1060992.jpg]
[naus.sa.utoronto.ca/files/2012/11/P1060992-150x150.jpg]
[naus.sa.utoronto.ca/files/2012/11/P1060994.jpg]
[naus.sa.utoronto.ca/files/2012/11/P1060994-150x150.jpg]
[naus.sa.utoronto.ca/files/2012/11/P10608461.jpg]
[naus.sa.utoronto.ca/files/2012/11/P10608461-150x150.jpg]
[naus.sa.utoronto.ca/files/2012/11/P10608481.jpg]
[naus.sa.utoronto.ca/files/2012/11/P10608481-150x150.jpg]
[naus.sa.utoronto.ca/files/2012/11/P10608491.jpg]
[naus.sa.utoronto.ca/files/2012/11/P10608491-150x150.jpg]
[naus.sa.utoronto.ca/files/2012/11/P10608501.jpg]
[naus.sa.utoronto.ca/files/2012/11/P10608501-150x150.jpg]
[naus.sa.utoronto.ca/files/2012/11/P10608541.jpg]
[naus.sa.utoronto.ca/files/2012/11/P10608541-150x150.jpg]
[naus.sa.utoronto.ca/files/2012/11/P10608591.jpg]
[naus.sa.utoronto.ca/files/2012/11/P10608591-150x150.jpg]
[naus.sa.utoronto.ca/files/2012/11/P10608601.jpg]
[naus.sa.utoronto.ca/files/2012/11/P10608601-150x150.jpg]
[naus.sa.utoronto.ca/files/2012/11/P10608661.jpg]
[naus.sa.utoronto.ca/files/2012/11/P10608661-150x150.jpg]
[naus.sa.utoronto.ca/files/2012/11/P10608681.jpg]
[naus.sa.utoronto.ca/files/2012/11/P10608681-150x150.jpg]
[naus.sa.utoronto.ca/files/2012/11/P10608731.jpg]
[naus.sa.utoronto.ca/files/2012/11/P10608731-150x150.jpg]
[naus.sa.utoronto.ca/files/2012/11/P10608781.jpg]
[naus.sa.utoronto.ca/files/2012/11/P10608781-150x150.jpg]
[naus.sa.utoronto.ca/files/2012/11/P10608811.jpg]
[naus.sa.utoronto.ca/files/2012/11/P10608811-150x150.jpg]
[naus.sa.utoronto.ca/files/2012/11/P10608881.jpg]
[naus.sa.utoronto.ca/files/2012/11/P10608881-150x150.jpg]
[naus.sa.utoronto.ca/files/2012/11/P10608911.jpg]
[naus.sa.utoronto.ca/files/2012/11/P10608911-150x150.jpg]
[naus.sa.utoronto.ca/files/2012/11/P10608931.jpg]
[naus.sa.utoronto.ca/files/2012/11/P10608931-150x150.jpg]
[naus.sa.utoronto.ca/files/2012/11/P10608991.jpg]
[naus.sa.utoronto.ca/files/2012/11/P10608991-150x150.jpg]
[naus.sa.utoronto.ca/files/2012/11/P10609021.jpg]
[naus.sa.utoronto.ca/files/2012/11/P10609021-150x150.jpg]
[naus.sa.utoronto.ca/files/2012/11/P10609081.jpg]
[naus.sa.utoronto.ca/files/2012/11/P10609081-150x150.jpg]
[naus.sa.utoronto.ca/files/2012/11/P10609091.jpg]
[naus.sa.utoronto.ca/files/2012/11/P10609091-150x150.jpg]
[naus.sa.utoronto.ca/files/2012/11/P10609111.jpg]
[naus.sa.utoronto.ca/files/2012/11/P10609111-150x150.jpg]
[naus.sa.utoronto.ca/files/2012/11/P10609171.jpg]
[naus.sa.utoronto.ca/files/2012/11/P10609171-150x150.jpg]
[naus.sa.utoronto.ca/files/2012/11/P10609181.jpg]
[naus.sa.utoronto.ca/files/2012/11/P10609181-150x150.jpg]
[naus.sa.utoronto.ca/files/2012/11/P10609191.jpg]
[naus.sa.utoronto.ca/files/2012/11/P10609191-150x150.jpg]
[naus.sa.utoronto.ca/files/2012/11/P10609201.jpg]
[naus.sa.utoronto.ca/files/2012/11/P10609201-150x150.jpg]
[naus.sa.utoronto.ca/files/2012/11/P10609211.jpg]
[naus.sa.utoronto.ca/files/2012/11/P10609211-150x150.jpg]
[naus.sa.utoronto.ca/files/2012/11/P10609251.jpg]
[naus.sa.utoronto.ca/files/2012/11/P10609251-150x150.jpg]
[naus.sa.utoronto.ca/files/2012/11/P10609281.jpg]
[naus.sa.utoronto.ca/files/2012/11/P10609281-150x150.jpg]
[naus.sa.utoronto.ca/files/2012/11/P10609291.jpg]
[naus.sa.utoronto.ca/files/2012/11/P10609291-150x150.jpg]
[naus.sa.utoronto.ca/files/2012/11/P10609301.jpg]
[naus.sa.utoronto.ca/files/2012/11/P10609301-150x150.jpg]
[naus.sa.utoronto.ca/files/2012/11/P10609311.jpg]
[naus.sa.utoronto.ca/files/2012/11/P10609311-150x150.jpg]
[naus.sa.utoronto.ca/files/2012/11/P10609321.jpg]
[naus.sa.utoronto.ca/files/2012/11/P10609321-150x150.jpg]
[naus.sa.utoronto.ca/files/2012/11/P10609361.jpg]
[naus.sa.utoronto.ca/files/2012/11/P10609361-150x150.jpg]
[naus.sa.utoronto.ca/files/2012/11/P10609371.jpg]
[naus.sa.utoronto.ca/files/2012/11/P10609371-150x150.jpg]
[naus.sa.utoronto.ca/files/2012/11/P10609401.jpg]
[naus.sa.utoronto.ca/files/2012/11/P10609401-150x150.jpg]
[naus.sa.utoronto.ca/files/2012/11/P10609411.jpg]
[naus.sa.utoronto.ca/files/2012/11/P10609411-150x150.jpg]
[naus.sa.utoronto.ca/files/2012/11/P10609431.jpg]
[naus.sa.utoronto.ca/files/2012/11/P10609431-150x150.jpg]
[naus.sa.utoronto.ca/files/2012/11/P10609451.jpg]
[naus.sa.utoronto.ca/files/2012/11/P10609451-150x150.jpg]
[naus.sa.utoronto.ca/files/2012/11/P10609471.jpg]
[naus.sa.utoronto.ca/files/2012/11/P10609471-150x150.jpg]
[naus.sa.utoronto.ca/files/2012/11/P10609491.jpg]
[naus.sa.utoronto.ca/files/2012/11/P10609491-150x150.jpg]
[naus.sa.utoronto.ca/files/2012/11/P10609501.jpg]
[naus.sa.utoronto.ca/files/2012/11/P10609501-150x150.jpg]
[naus.sa.utoronto.ca/files/2012/11/P10609511.jpg]
[naus.sa.utoronto.ca/files/2012/11/P10609511-150x150.jpg]
[naus.sa.utoronto.ca/files/2012/11/P10609521.jpg]
[naus.sa.utoronto.ca/files/2012/11/P10609521-150x150.jpg]
[naus.sa.utoronto.ca/files/2012/11/P10609531.jpg]
[naus.sa.utoronto.ca/files/2012/11/P10609531-150x150.jpg]
[naus.sa.utoronto.ca/files/2012/11/P10609541.jpg]
[naus.sa.utoronto.ca/files/2012/11/P10609541-150x150.jpg]
[naus.sa.utoronto.ca/files/2012/11/P10609551.jpg]
[naus.sa.utoronto.ca/files/2012/11/P10609551-150x150.jpg]
[naus.sa.utoronto.ca/files/2012/11/P10609561.jpg]
[naus.sa.utoronto.ca/files/2012/11/P10609561-150x150.jpg]
[naus.sa.utoronto.ca/files/2012/11/P10609591.jpg]
[naus.sa.utoronto.ca/files/2012/11/P10609591-150x150.jpg]
[naus.sa.utoronto.ca/files/2012/11/P10609601.jpg]
[naus.sa.utoronto.ca/files/2012/11/P10609601-150x150.jpg]
[naus.sa.utoronto.ca/files/2012/11/P10609611.jpg]
[naus.sa.utoronto.ca/files/2012/11/P10609611-150x150.jpg]
[naus.sa.utoronto.ca/files/2012/11/P10609621.jpg]
[naus.sa.utoronto.ca/files/2012/11/P10609621-150x150.jpg]
[naus.sa.utoronto.ca/files/2012/11/P10609641.jpg]
[naus.sa.utoronto.ca/files/2012/11/P10609641-150x150.jpg]
[naus.sa.utoronto.ca/files/2012/11/P10609651.jpg]
[naus.sa.utoronto.ca/files/2012/11/P10609651-150x150.jpg]
[naus.sa.utoronto.ca/files/2012/11/P10609731.jpg]
[naus.sa.utoronto.ca/files/2012/11/P10609731-150x150.jpg]
[naus.sa.utoronto.ca/files/2012/11/P10609751.jpg]
[naus.sa.utoronto.ca/files/2012/11/P10609751-150x150.jpg]
[naus.sa.utoronto.ca/files/2012/11/P10609761.jpg]
[naus.sa.utoronto.ca/files/2012/11/P10609761-150x150.jpg]
[naus.sa.utoronto.ca/files/2012/11/P10609771.jpg]
[naus.sa.utoronto.ca/files/2012/11/P10609771-150x150.jpg]
[naus.sa.utoronto.ca/files/2012/11/P10609791.jpg]
[naus.sa.utoronto.ca/files/2012/11/P10609791-150x150.jpg]
[naus.sa.utoronto.ca/files/2012/11/P10609831.jpg]
[naus.sa.utoronto.ca/files/2012/11/P10609831-150x150.jpg]
[naus.sa.utoronto.ca/files/2012/11/P10609841.jpg]
[naus.sa.utoronto.ca/files/2012/11/P10609841-150x150.jpg]
[naus.sa.utoronto.ca/files/2012/11/P10609851.jpg]
[naus.sa.utoronto.ca/files/2012/11/P10609851-150x150.jpg]
[naus.sa.utoronto.ca/files/2012/11/P10609861.jpg]
[naus.sa.utoronto.ca/files/2012/11/P10609861-150x150.jpg]
[naus.sa.utoronto.ca/files/2012/11/P10609881.jpg]
[naus.sa.utoronto.ca/files/2012/11/P10609881-150x150.jpg]
[naus.sa.utoronto.ca/files/2012/11/P10609921.jpg]
[naus.sa.utoronto.ca/files/2012/11/P10609921-150x150.jpg]
[naus.sa.utoronto.ca/files/2012/11/P10609941.jpg]
[naus.sa.utoronto.ca/files/2012/11/P10609941-150x150.jpg]
[naus.sa.utoronto.ca/everything-n-pictures/index.html]
[naus.sa.utoronto.ca/everything-n-pictures/trackback/index.html]
[naus.sa.utoronto.ca/files/2013/02/DSC5141.jpg]
[naus.sa.utoronto.ca/2013-midnight-mask-formal-pictures/feed/index.html]
[naus.sa.utoronto.ca/files/2013/02/DSC5141-150x150.jpg]
[naus.sa.utoronto.ca/indexdb34.html]
[naus.sa.utoronto.ca/files/2013/02/DSC5147.jpg]
[naus.sa.utoronto.ca/files/2013/02/DSC5147-150x150.jpg]
[naus.sa.utoronto.ca/files/2013/02/DSC5154.jpg]
[naus.sa.utoronto.ca/files/2013/02/DSC5154-150x150.jpg]
[naus.sa.utoronto.ca/files/2013/02/DSC5155.jpg]
[naus.sa.utoronto.ca/files/2013/02/DSC5155-150x150.jpg]
[naus.sa.utoronto.ca/files/2013/02/DSC5158.jpg]
[naus.sa.utoronto.ca/files/2013/02/DSC5158-150x150.jpg]
[naus.sa.utoronto.ca/files/2013/02/DSC5160.jpg]
[naus.sa.utoronto.ca/files/2013/02/DSC5160-150x150.jpg]
[naus.sa.utoronto.ca/files/2013/02/DSC5161.jpg]
[naus.sa.utoronto.ca/files/2013/02/DSC5161-150x150.jpg]
[naus.sa.utoronto.ca/files/2013/02/DSC5163.jpg]
[naus.sa.utoronto.ca/files/2013/02/DSC5163-150x150.jpg]
[naus.sa.utoronto.ca/files/2013/02/DSC5163_1.jpg]
[naus.sa.utoronto.ca/files/2013/02/DSC5163_1-150x150.jpg]
[naus.sa.utoronto.ca/files/2013/02/DSC5164.jpg]
[naus.sa.utoronto.ca/files/2013/02/DSC5164-150x150.jpg]
[naus.sa.utoronto.ca/files/2013/02/DSC5167.jpg]
[naus.sa.utoronto.ca/files/2013/02/DSC5167-150x150.jpg]
[naus.sa.utoronto.ca/files/2013/02/DSC5170.jpg]
[naus.sa.utoronto.ca/files/2013/02/DSC5170-150x150.jpg]
[naus.sa.utoronto.ca/files/2013/02/DSC5171.jpg]
[naus.sa.utoronto.ca/files/2013/02/DSC5171-150x150.jpg]
[naus.sa.utoronto.ca/files/2013/02/DSC5172.jpg]
[naus.sa.utoronto.ca/files/2013/02/DSC5172-150x150.jpg]
[naus.sa.utoronto.ca/files/2013/02/DSC5184.jpg]
[naus.sa.utoronto.ca/files/2013/02/DSC5184-150x150.jpg]
[naus.sa.utoronto.ca/files/2013/02/DSC5185.jpg]
[naus.sa.utoronto.ca/files/2013/02/DSC5185-150x150.jpg]
[naus.sa.utoronto.ca/files/2013/02/DSC5190.jpg]
[naus.sa.utoronto.ca/files/2013/02/DSC5190-150x150.jpg]
[naus.sa.utoronto.ca/files/2013/02/DSC5191.jpg]
[naus.sa.utoronto.ca/files/2013/02/DSC5191-150x150.jpg]
[naus.sa.utoronto.ca/files/2013/02/DSC5192.jpg]
[naus.sa.utoronto.ca/files/2013/02/DSC5192-150x150.jpg]
[naus.sa.utoronto.ca/files/2013/02/DSC5193.jpg]
[naus.sa.utoronto.ca/files/2013/02/DSC5193-150x150.jpg]
[naus.sa.utoronto.ca/files/2013/02/DSC5196.jpg]
[naus.sa.utoronto.ca/files/2013/02/DSC5196-150x150.jpg]
[naus.sa.utoronto.ca/files/2013/02/DSC5202.jpg]
[naus.sa.utoronto.ca/files/2013/02/DSC5202-150x150.jpg]
[naus.sa.utoronto.ca/files/2013/02/DSC5205.jpg]
[naus.sa.utoronto.ca/files/2013/02/DSC5205-150x150.jpg]
[naus.sa.utoronto.ca/files/2013/02/DSC5208.jpg]
[naus.sa.utoronto.ca/files/2013/02/DSC5208-150x150.jpg]
[naus.sa.utoronto.ca/files/2013/02/DSC5210.jpg]
[naus.sa.utoronto.ca/files/2013/02/DSC5210-150x150.jpg]
[naus.sa.utoronto.ca/files/2013/02/DSC5212.jpg]
[naus.sa.utoronto.ca/files/2013/02/DSC5212-150x150.jpg]
[naus.sa.utoronto.ca/files/2013/02/DSC5216.jpg]
[naus.sa.utoronto.ca/files/2013/02/DSC5216-150x150.jpg]
[naus.sa.utoronto.ca/files/2013/02/DSC5218.jpg]
[naus.sa.utoronto.ca/files/2013/02/DSC5218-150x150.jpg]
[naus.sa.utoronto.ca/files/2013/02/DSC5220.jpg]
[naus.sa.utoronto.ca/files/2013/02/DSC5220-150x150.jpg]
[naus.sa.utoronto.ca/files/2013/02/DSC5221.jpg]
[naus.sa.utoronto.ca/files/2013/02/DSC5221-150x150.jpg]
[naus.sa.utoronto.ca/files/2013/02/DSC5223.jpg]
[naus.sa.utoronto.ca/files/2013/02/DSC5223-150x150.jpg]
[naus.sa.utoronto.ca/files/2013/02/DSC5225.jpg]
[naus.sa.utoronto.ca/files/2013/02/DSC5225-150x150.jpg]
[naus.sa.utoronto.ca/files/2013/02/DSC5226.jpg]
[naus.sa.utoronto.ca/files/2013/02/DSC5226-150x150.jpg]
[naus.sa.utoronto.ca/files/2013/02/DSC5228.jpg]
[naus.sa.utoronto.ca/files/2013/02/DSC5228-150x150.jpg]
[naus.sa.utoronto.ca/files/2013/02/DSC5231.jpg]
[naus.sa.utoronto.ca/files/2013/02/DSC5231-150x150.jpg]
[naus.sa.utoronto.ca/files/2013/02/DSC5232.jpg]
[naus.sa.utoronto.ca/files/2013/02/DSC5232-150x150.jpg]
[naus.sa.utoronto.ca/files/2013/02/DSC5233.jpg]
[naus.sa.utoronto.ca/files/2013/02/DSC5233-150x150.jpg]
[naus.sa.utoronto.ca/files/2013/02/DSC5236.jpg]
[naus.sa.utoronto.ca/files/2013/02/DSC5236-150x150.jpg]
[naus.sa.utoronto.ca/files/2013/02/DSC5239.jpg]
[naus.sa.utoronto.ca/files/2013/02/DSC5239-150x150.jpg]
[naus.sa.utoronto.ca/files/2013/02/DSC5241.jpg]
[naus.sa.utoronto.ca/files/2013/02/DSC5241-150x150.jpg]
[naus.sa.utoronto.ca/files/2013/02/DSC5242.jpg]
[naus.sa.utoronto.ca/files/2013/02/DSC5242-150x150.jpg]
[naus.sa.utoronto.ca/files/2013/02/DSC5247.jpg]
[naus.sa.utoronto.ca/files/2013/02/DSC5247-150x150.jpg]
[naus.sa.utoronto.ca/files/2013/02/DSC5248.jpg]
[naus.sa.utoronto.ca/files/2013/02/DSC5248-150x150.jpg]
[naus.sa.utoronto.ca/files/2013/02/DSC5252.jpg]
[naus.sa.utoronto.ca/files/2013/02/DSC5252-150x150.jpg]
[naus.sa.utoronto.ca/files/2013/02/DSC5254.jpg]
[naus.sa.utoronto.ca/files/2013/02/DSC5254-150x150.jpg]
[naus.sa.utoronto.ca/files/2013/02/DSC5255.jpg]
[naus.sa.utoronto.ca/files/2013/02/DSC5255-150x150.jpg]
[naus.sa.utoronto.ca/files/2013/02/DSC5256.jpg]
[naus.sa.utoronto.ca/files/2013/02/DSC5256-150x150.jpg]
[naus.sa.utoronto.ca/files/2013/02/DSC5258.jpg]
[naus.sa.utoronto.ca/files/2013/02/DSC5258-150x150.jpg]
[naus.sa.utoronto.ca/files/2013/02/DSC5262.jpg]
[naus.sa.utoronto.ca/files/2013/02/DSC5262-150x150.jpg]
[naus.sa.utoronto.ca/files/2013/02/DSC5265.jpg]
[naus.sa.utoronto.ca/files/2013/02/DSC5265-150x150.jpg]
[naus.sa.utoronto.ca/files/2013/02/DSC5269.jpg]
[naus.sa.utoronto.ca/files/2013/02/DSC5269-150x150.jpg]
[naus.sa.utoronto.ca/files/2013/02/DSC5272.jpg]
[naus.sa.utoronto.ca/files/2013/02/DSC5272-150x150.jpg]
[naus.sa.utoronto.ca/files/2013/02/DSC5273.jpg]
[naus.sa.utoronto.ca/files/2013/02/DSC5273-150x150.jpg]
[naus.sa.utoronto.ca/files/2013/02/DSC5276.jpg]
[naus.sa.utoronto.ca/files/2013/02/DSC5276-150x150.jpg]
[naus.sa.utoronto.ca/files/2013/02/DSC5277.jpg]
[naus.sa.utoronto.ca/files/2013/02/DSC5277-150x150.jpg]
[naus.sa.utoronto.ca/files/2013/02/DSC5278.jpg]
[naus.sa.utoronto.ca/files/2013/02/DSC5278-150x150.jpg]
[naus.sa.utoronto.ca/files/2013/02/DSC5279.jpg]
[naus.sa.utoronto.ca/files/2013/02/DSC5279-150x150.jpg]
[naus.sa.utoronto.ca/files/2013/02/DSC5282.jpg]
[naus.sa.utoronto.ca/files/2013/02/DSC5282-150x150.jpg]
[naus.sa.utoronto.ca/files/2013/02/DSC5283.jpg]
[naus.sa.utoronto.ca/files/2013/02/DSC5283-150x150.jpg]
[naus.sa.utoronto.ca/files/2013/02/DSC5290.jpg]
[naus.sa.utoronto.ca/files/2013/02/DSC5290-150x150.jpg]
[naus.sa.utoronto.ca/files/2013/02/DSC5297.jpg]
[naus.sa.utoronto.ca/files/2013/02/DSC5297-150x150.jpg]
[naus.sa.utoronto.ca/files/2013/02/DSC5299.jpg]
[naus.sa.utoronto.ca/files/2013/02/DSC5299-150x150.jpg]
[naus.sa.utoronto.ca/files/2013/02/DSC5301.jpg]
[naus.sa.utoronto.ca/files/2013/02/DSC5301-150x150.jpg]
[naus.sa.utoronto.ca/files/2013/02/DSC5304.jpg]
[naus.sa.utoronto.ca/files/2013/02/DSC5304-150x150.jpg]
[naus.sa.utoronto.ca/files/2013/02/DSC5306.jpg]
[naus.sa.utoronto.ca/files/2013/02/DSC5306-150x150.jpg]
[naus.sa.utoronto.ca/files/2013/02/DSC5307.jpg]
[naus.sa.utoronto.ca/files/2013/02/DSC5307-150x150.jpg]
[naus.sa.utoronto.ca/files/2013/02/DSC5309.jpg]
[naus.sa.utoronto.ca/files/2013/02/DSC5309-150x150.jpg]
[naus.sa.utoronto.ca/files/2013/02/the-three-1-of-1.jpg]
[naus.sa.utoronto.ca/files/2013/02/the-three-1-of-1-150x150.jpg]
[naus.sa.utoronto.ca/2013-midnight-mask-formal-pictures/index.html]
[naus.sa.utoronto.ca/2013-midnight-mask-formal-pictures/trackback/index.html]
[naus.sa.utoronto.ca/files/2013/05/under-construction.jpg]
[naus.sa.utoronto.ca/executive-members-2013-2014/feed/index.html]
[naus.sa.utoronto.ca/files/2013/05/under-construction-300x300.jpg]
[naus.sa.utoronto.ca/executive-members-2013-2014/index.html]
[naus.sa.utoronto.ca/indexe6cc.html]
[naus.sa.utoronto.ca/httpnausuoft-wordpress-com/index.html]
[naus.sa.utoronto.ca/executive-members-2013-2014/trackback/index.html]
[naus.sa.utoronto.ca/httpnausuoft-wordpress-com/feed/index.html]
[naus.sa.utoronto.ca/2013/04/05/official-new-naus-council-2013-2014/index.html]
[naus.sa.utoronto.ca/index5d2a.html]
[naus.sa.utoronto.ca/httpnausuoft-wordpress-com/trackback/index.html]
[naus.sa.utoronto.ca/category/events/uncategorized/index.html]
[naus.sa.utoronto.ca/2013/04/05/official-new-naus-council-2013-2014/feed/index.html]
[naus.sa.utoronto.ca/author/naus/index.html]
[naus.sa.utoronto.ca/index7117.html]
[naus.sa.utoronto.ca/2013/03/31/1129/index.html]
[naus.sa.utoronto.ca/2013/04/05/official-new-naus-council-2013-2014/trackback/index.html]
[naus.sa.utoronto.ca/category/events/uncategorized/feed/index.html]
[naus.sa.utoronto.ca/2013/03/31/1121/index.html]
[naus.sa.utoronto.ca/author/naus/feed/index.html]
[naus.sa.utoronto.ca/category/events/uncategorized/page/2/index.html]
[naus.sa.utoronto.ca/2012/07/27/looking-for-volunteers/index.html]
[naus.sa.utoronto.ca/2013/03/31/1129/feed/index.html]
[naus.sa.utoronto.ca/index6b36.html]
[naus.sa.utoronto.ca/2012/04/13/naus-2012-2013-execs/index.html]
[naus.sa.utoronto.ca/author/naus/page/2/index.html]
[naus.sa.utoronto.ca/2013/03/31/1129/trackback/index.html]
[naus.sa.utoronto.ca/2012/04/04/naus-2012-2013-polls-closed/index.html]
[naus.sa.utoronto.ca/2013/03/31/1121/feed/index.html]
[naus.sa.utoronto.ca/indexe7ac.html]
[naus.sa.utoronto.ca/2012/04/03/sona-university-of-toronto-april-30th-2012/index.html]
[naus.sa.utoronto.ca/2013/03/31/1121/trackback/index.html]
[naus.sa.utoronto.ca/2012/07/27/looking-for-volunteers/feed/index.html]
[naus.sa.utoronto.ca/2012/03/17/naus-elections/index.html]
[naus.sa.utoronto.ca/index2bcd.html]
[naus.sa.utoronto.ca/2012/07/27/looking-for-volunteers/trackback/index.html]
[naus.sa.utoronto.ca/2012/04/13/naus-2012-2013-execs/feed/index.html]
[naus.sa.utoronto.ca/2012/03/10/calendar-updated/index.html]
[naus.sa.utoronto.ca/index2fb6.html]
[naus.sa.utoronto.ca/2012/03/09/grad-school-opportunity/index.html]
[naus.sa.utoronto.ca/2012/04/13/naus-2012-2013-execs/trackback/index.html]
[naus.sa.utoronto.ca/2012/04/04/naus-2012-2013-polls-closed/feed/index.html]
[naus.sa.utoronto.ca/indexc9c1.html]
[naus.sa.utoronto.ca/files/2012/01/379483_10150583049376068_501511067_11245666_2138165938_n.jpg]
[naus.sa.utoronto.ca/2012/04/04/naus-2012-2013-polls-closed/trackback/index.html]
[naus.sa.utoronto.ca/2012/04/03/sona-university-of-toronto-april-30th-2012/feed/index.html]
[naus.sa.utoronto.ca/files/2011/12/hbsunaus-formal-640.jpg]
[naus.sa.utoronto.ca/index5d49.html]
[naus.sa.utoronto.ca/2012/04/03/sona-university-of-toronto-april-30th-2012/trackback/index.html]
[naus.sa.utoronto.ca/files/2011/10/UTNP.jpg]
[naus.sa.utoronto.ca/2012/03/17/naus-elections/feed/index.html]
[naus.sa.utoronto.ca/files/2011/10/UTNP-300x220.jpg]
[naus.sa.utoronto.ca/indexb702.html]
[naus.sa.utoronto.ca/page/2/index.html]
[naus.sa.utoronto.ca/2012/03/17/naus-elections/trackback/index.html]
[naus.sa.utoronto.ca/comments/feed/index.html]
[naus.sa.utoronto.ca/2012/03/10/calendar-updated/feed/index.html]
[naus.sa.utoronto.ca/wp-content/plugins/events-calendar/css/ec-tooltips.css]
[naus.sa.utoronto.ca/index93f8.html]
[naus.sa.utoronto.ca/2012/03/10/calendar-updated/trackback/index.html]
[naus.sa.utoronto.ca/2012/03/09/grad-school-opportunity/feed/index.html]
[naus.sa.utoronto.ca/index905b.html]
[naus.sa.utoronto.ca/index2b8b.html]
[naus.sa.utoronto.ca/index42dc.html]
[naus.sa.utoronto.ca/2012/02/17/brain-day-volunteers-needed/index.html]
[naus.sa.utoronto.ca/indexe7fb.html]
[naus.sa.utoronto.ca/2012/03/09/grad-school-opportunity/trackback/index.html]
[naus.sa.utoronto.ca/2012/02/02/snowball-pictures/index.html]
[naus.sa.utoronto.ca/snowball-pictures/trackback/index.html]
[naus.sa.utoronto.ca/2012/01/14/the-2nd-annual-canadian-university-life-sciences-challenge-culsc/index.html]
[naus.sa.utoronto.ca/2012/01/14/naus-frosh-second-year-rep-elections/index.html]
[naus.sa.utoronto.ca/2012/01/14/last-day-for-ticket-sales/index.html]
[naus.sa.utoronto.ca/index6a26.html]
[naus.sa.utoronto.ca/2011/12/02/naus-hbsu-presents-the-winter-formal-snowball/index.html]
[naus.sa.utoronto.ca/2011/10/29/mentorship-mingle-and-karaoke-night/index.html]
[naus.sa.utoronto.ca/everything-n-pictures/trackback/index.html]
[naus.sa.utoronto.ca/executive-members-2011-2012/index.html]
[naus.sa.utoronto.ca/2011/10/22/417/index.html]
[naus.sa.utoronto.ca/indexdb34.html]
[naus.sa.utoronto.ca/2013-midnight-mask-formal-pictures/trackback/index.html]
[naus.sa.utoronto.ca/indexe6cc.html]
[naus.sa.utoronto.ca/executive-members-2013-2014/trackback/index.html]
[naus.sa.utoronto.ca/index5d2a.html]
[naus.sa.utoronto.ca/httpnausuoft-wordpress-com/trackback/index.html]
[naus.sa.utoronto.ca/index7117.html]
[naus.sa.utoronto.ca/2013/04/05/official-new-naus-council-2013-2014/trackback/index.html]
[naus.sa.utoronto.ca/2011/10/16/academic-seminar-and-first-general-meeting/index.html]
[naus.sa.utoronto.ca/category/events/uncategorized/page/2/index.html]
[naus.sa.utoronto.ca/author/naus/page/2/index.html]
[naus.sa.utoronto.ca/2011/10/05/2nd-year-social-committee/index.html]
[naus.sa.utoronto.ca/index6b36.html]
[naus.sa.utoronto.ca/2013/03/31/1129/trackback/index.html]
[naus.sa.utoronto.ca/indexe7ac.html]
[naus.sa.utoronto.ca/2013/03/31/1121/trackback/index.html]
[naus.sa.utoronto.ca/index2bcd.html]
[naus.sa.utoronto.ca/2012/07/27/looking-for-volunteers/trackback/index.html]
[naus.sa.utoronto.ca/index2fb6.html]
[naus.sa.utoronto.ca/2012/04/13/naus-2012-2013-execs/trackback/index.html]
[naus.sa.utoronto.ca/indexc9c1.html]
[naus.sa.utoronto.ca/2012/04/04/naus-2012-2013-polls-closed/trackback/index.html]
[naus.sa.utoronto.ca/index5d49.html]
[naus.sa.utoronto.ca/2012/04/03/sona-university-of-toronto-april-30th-2012/trackback/index.html]
[naus.sa.utoronto.ca/indexb702.html]
[naus.sa.utoronto.ca/2012/03/17/naus-elections/trackback/index.html]
[naus.sa.utoronto.ca/index93f8.html]
[naus.sa.utoronto.ca/2012/03/10/calendar-updated/trackback/index.html]
[naus.sa.utoronto.ca/2012/02/17/brain-day-volunteers-needed/index.html]
[naus.sa.utoronto.ca/page/3/index.html]
[naus.sa.utoronto.ca/index2b8b.html]
[naus.sa.utoronto.ca/author/naus/page/3/index.html]
[naus.sa.utoronto.ca/category/events/uncategorized/page/3/index.html]
[naus.sa.utoronto.ca/2012/02/17/brain-day-volunteers-needed/feed/index.html]
[naus.sa.utoronto.ca/2012/03/09/grad-school-opportunity/trackback/index.html]
[naus.sa.utoronto.ca/2012/02/02/snowball-pictures/index.html]
[naus.sa.utoronto.ca/2012/01/14/the-2nd-annual-canadian-university-life-sciences-challenge-culsc/index.html]
[naus.sa.utoronto.ca/index53ba.html]
[naus.sa.utoronto.ca/2012/01/14/naus-frosh-second-year-rep-elections/index.html]
[naus.sa.utoronto.ca/2012/02/17/brain-day-volunteers-needed/trackback/index.html]
[naus.sa.utoronto.ca/2012/02/02/snowball-pictures/feed/index.html]
[naus.sa.utoronto.ca/index4c2b.html]
[naus.sa.utoronto.ca/2012/01/14/last-day-for-ticket-sales/index.html]
[naus.sa.utoronto.ca/2012/02/02/snowball-pictures/trackback/index.html]
[naus.sa.utoronto.ca/2011/12/02/naus-hbsu-presents-the-winter-formal-snowball/index.html]
[naus.sa.utoronto.ca/2012/01/14/the-2nd-annual-canadian-university-life-sciences-challenge-culsc/feed/index.html]
[naus.sa.utoronto.ca/index77b5.html]
[naus.sa.utoronto.ca/2012/01/14/the-2nd-annual-canadian-university-life-sciences-challenge-culsc/trackback/index.html]
[naus.sa.utoronto.ca/2011/10/29/mentorship-mingle-and-karaoke-night/index.html]
[naus.sa.utoronto.ca/2012/01/14/naus-frosh-second-year-rep-elections/feed/index.html]
[naus.sa.utoronto.ca/index50ba.html]
[naus.sa.utoronto.ca/executive-members-2011-2012/index.html]
[naus.sa.utoronto.ca/2012/01/14/last-day-for-ticket-sales/feed/index.html]
[naus.sa.utoronto.ca/2012/01/14/naus-frosh-second-year-rep-elections/trackback/index.html]
[naus.sa.utoronto.ca/2011/10/22/417/index.html]
[naus.sa.utoronto.ca/index8a0c.html]
[naus.sa.utoronto.ca/2012/01/14/last-day-for-ticket-sales/trackback/index.html]
[naus.sa.utoronto.ca/2011/10/16/academic-seminar-and-first-general-meeting/index.html]
[naus.sa.utoronto.ca/indexecc4.html]
[naus.sa.utoronto.ca/2011/12/02/naus-hbsu-presents-the-winter-formal-snowball/feed/index.html]
[naus.sa.utoronto.ca/2011/10/05/2nd-year-social-committee/index.html]
[naus.sa.utoronto.ca/2011/12/02/naus-hbsu-presents-the-winter-formal-snowball/trackback/index.html]
[naus.sa.utoronto.ca/2011/10/29/mentorship-mingle-and-karaoke-night/feed/index.html]
[naus.sa.utoronto.ca/page/3/index.html]
[naus.sa.utoronto.ca/indexedce.html]
[naus.sa.utoronto.ca/2011/10/29/mentorship-mingle-and-karaoke-night/trackback/index.html]
[naus.sa.utoronto.ca/2011/10/22/417/feed/index.html]
[naus.sa.utoronto.ca/category/events/uncategorized/page/3/index.html]
[naus.sa.utoronto.ca/indexb8c6.html]
[naus.sa.utoronto.ca/2011/10/22/417/trackback/index.html]
[naus.sa.utoronto.ca/2011/10/16/academic-seminar-and-first-general-meeting/feed/index.html]
[naus.sa.utoronto.ca/author/naus/page/3/index.html]
[naus.sa.utoronto.ca/index40e6.html]
[naus.sa.utoronto.ca/index53ba.html]
[naus.sa.utoronto.ca/2011/10/16/academic-seminar-and-first-general-meeting/trackback/index.html]
[naus.sa.utoronto.ca/2011/10/05/2nd-year-social-committee/feed/index.html]
[naus.sa.utoronto.ca/2012/02/17/brain-day-volunteers-needed/trackback/index.html]
[naus.sa.utoronto.ca/index2d8c.html]
[naus.sa.utoronto.ca/2011/09/19/4th-year-rep/index.html]
[naus.sa.utoronto.ca/index4c2b.html]
[naus.sa.utoronto.ca/2012/02/02/snowball-pictures/trackback/index.html]
[naus.sa.utoronto.ca/index77b5.html]
[naus.sa.utoronto.ca/2012/01/14/the-2nd-annual-canadian-university-life-sciences-challenge-culsc/trackback/index.html]
[naus.sa.utoronto.ca/index50ba.html]
[naus.sa.utoronto.ca/2012/01/14/naus-frosh-second-year-rep-elections/trackback/index.html]
[naus.sa.utoronto.ca/index8a0c.html]
[naus.sa.utoronto.ca/2012/01/14/last-day-for-ticket-sales/trackback/index.html]
[naus.sa.utoronto.ca/indexecc4.html]
[naus.sa.utoronto.ca/2011/12/02/naus-hbsu-presents-the-winter-formal-snowball/trackback/index.html]
[naus.sa.utoronto.ca/indexedce.html]
[naus.sa.utoronto.ca/2011/10/29/mentorship-mingle-and-karaoke-night/trackback/index.html]
[naus.sa.utoronto.ca/indexb8c6.html]
[naus.sa.utoronto.ca/2011/10/22/417/trackback/index.html]
[naus.sa.utoronto.ca/index40e6.html]
[naus.sa.utoronto.ca/2011/10/16/academic-seminar-and-first-general-meeting/trackback/index.html]
[naus.sa.utoronto.ca/2011/09/19/4th-year-rep/index.html]
[naus.sa.utoronto.ca/2011/10/05/2nd-year-social-committee/trackback/index.html]
[naus.sa.utoronto.ca/index2d8c.html]
[naus.sa.utoronto.ca/2011/09/14/naus-bbq-7/index.html]
[naus.sa.utoronto.ca/2011/09/12/naus-2011-2012/index.html]
[naus.sa.utoronto.ca/2011/10/05/2nd-year-social-committee/trackback/index.html]
[naus.sa.utoronto.ca/2011/09/14/naus-bbq-7/index.html]
[naus.sa.utoronto.ca/2011/09/19/4th-year-rep/feed/index.html]
[naus.sa.utoronto.ca/index51fe.html]
[naus.sa.utoronto.ca/2011/09/12/naus-2011-2012/index.html]
[naus.sa.utoronto.ca/2011/09/19/4th-year-rep/trackback/index.html]
[naus.sa.utoronto.ca/index51fe.html]
[naus.sa.utoronto.ca/2011/09/14/naus-bbq-7/feed/index.html]
[naus.sa.utoronto.ca/2011/09/14/naus-bbq-7/trackback/index.html]
[naus.sa.utoronto.ca/index63fb.html]
[naus.sa.utoronto.ca/2011/09/19/4th-year-rep/trackback/index.html]
[naus.sa.utoronto.ca/index63fb.html]
[naus.sa.utoronto.ca/2011/09/14/naus-bbq-7/trackback/index.html]
[naus.sa.utoronto.ca/2011/09/12/naus-2011-2012/feed/index.html]
[naus.sa.utoronto.ca/index2915.html]
[naus.sa.utoronto.ca/index2915.html]
[naus.sa.utoronto.ca/2011/09/12/naus-2011-2012/trackback/index.html]
[naus.sa.utoronto.ca/2011/09/12/naus-2011-2012/trackback/index.html]
